
> my-app@0.1.0 cf:deploy
> opennextjs-cloudflare build && opennextjs-cloudflare deploy


┌─────────────────────────────┐
│ OpenNext — Cloudflare build │
└─────────────────────────────┘

WARN OpenNext is not fully compatible with Windows.
WARN For optimal performance, it is recommended to use Windows Subsystem for Linux (WSL).
WARN While OpenNext may function on Windows, it could encounter unpredictable failures during runtime.
App directory: D:\Programming\Personal Projects\AuroraStream\my-app
Next.js version : 16.3.1
@opennextjs/cloudflare version: 1.20.2
@opennextjs/aws version: 4.1.0
WARN workerd compatibility_date: 2024-09-23, consider updating your wrangler config to a more recent date to benefit from the latest features and fixes.

┌─────────────────────────────────┐
│ OpenNext — Building Next.js app │
└─────────────────────────────────┘


> my-app@0.1.0 build
> next build

▲ Next.js 16.3.1 (Turbopack)
- Environments: .env.local
✓ Running next.config.ts took 86ms

  Creating an optimized production build ...
✓ Compiled successfully in 9.8s
  Running TypeScript ...
  Finished TypeScript in 24.4s ...
  Collecting page data using 7 workers ...
  Generating static pages using 7 workers (0/33) ...
  Generating static pages using 7 workers (8/33) 
  Generating static pages using 7 workers (16/33) 
  Generating static pages using 7 workers (24/33) 
✓ Generating static pages using 7 workers (33/33) in 956ms
  Finalizing page optimization ...

Route (app)
┌ ƒ /
├ ƒ /_not-found
├ ƒ /account/subscription
├ ƒ /actors/[id]
├ ƒ /api/backend/[...path]
├ ƒ /api/comments
├ ƒ /api/comments/[commentId]
├ ƒ /api/comments/[commentId]/react
├ ƒ /api/friends
├ ƒ /api/friends/[clerkId]
├ ƒ /api/friends/notifications
├ ƒ /api/friends/notifications/count
├ ƒ /api/friends/requests
├ ƒ /api/friends/requests/[id]
├ ƒ /api/friends/requests/[id]/accept
├ ƒ /api/friends/requests/outgoing
├ ƒ /api/friends/search
├ ƒ /api/last-viewed
├ ƒ /api/likes
├ ƒ /api/likes/[recordId]
├ ƒ /api/likes/user/[clerkId]
├ ƒ /api/payments/checkout-result
├ ƒ /api/payments/checkout-session
├ ƒ /api/payments/portal-session
├ ƒ /api/payments/subscription
├ ƒ /api/playlists
├ ƒ /api/playlists/[id]
├ ƒ /api/playlists/[id]/items
├ ƒ /api/playlists/[id]/items/[recordId]
├ ƒ /api/playlists/user/[clerkId]
├ ƒ /api/user/me
├ ƒ /api/watching
├ ƒ /api/watching/friends
├ ƒ /api/watchlist
├ ƒ /api/watchlist/[recordId]
├ ○ /apple-icon.png
├ ƒ /friends
├ ○ /icon.png
├ ƒ /movies
├ ƒ /movies/[slug]
├ ƒ /movies/genres/[genre]
├ ƒ /movies/search/[title]
├ ƒ /order
├ ƒ /order/[type]
├ ƒ /playlists
├ ƒ /privacy
├ ƒ /series
├ ƒ /series/[id]
├ ƒ /series/genres/[genre]
├ ƒ /series/search/[title]
├ ƒ /sign-in/[[...sign-in]]
├ ƒ /sign-up/[[...sign-up]]
└ ƒ /watchlist


○  (Static)   prerendered as static content
ƒ  (Dynamic)  server-rendered on demand


┌──────────────────────────────┐
│ OpenNext — Generating bundle │
└──────────────────────────────┘

Bundling middleware function...
Bundling static assets...
Bundling cache assets...
Building server function: default...
Applying code patches: 17.272s
# copyPackageTemplateFiles
[35m⚙️ Bundling the OpenNext server...
[0m
[35mWorker saved in `.open-next\worker.js` 🚀
[0m
OpenNext build complete.

┌──────────────────────────────┐
│ OpenNext — Cloudflare deploy │
└──────────────────────────────┘

WARN OpenNext is not fully compatible with Windows.
WARN For optimal performance, it is recommended to use Windows Subsystem for Linux (WSL).
WARN While OpenNext may function on Windows, it could encounter unpredictable failures during runtime.
Incremental cache does not need populating
Tag cache does not need populating

 ⛅️ wrangler 4.125.0 (update available 4.126.0)
───────────────────────────────────────────────
🌀 Building list of assets...
✨ Read 112 files from the assets directory D:\Programming\Personal Projects\AuroraStream\my-app\.open-next\assets
🌀 Starting asset upload...
🌀 Found 4 new or modified static assets to upload. Proceeding with upload...
+ /BUILD_ID
+ /_next/static/chunks/3fqv5krtl_t2d.js
+ /_next/static/chunks/3vflqjcoj0fqv.js
+ /_next/static/chunks/0x_sk8pfaho7n.css
Uploaded 1 of 4 assets
Uploaded 2 of 4 assets
Uploaded 4 of 4 assets
✨ Success! Uploaded 4 files (98 already uploaded) (3.36 sec)

Total Upload: 8080.48 KiB / gzip: 1568.22 KiB
Worker Startup Time: 22 ms
Your Worker has access to the following bindings:
Binding                                                                                Resource                  
env.ASSETS                                                                             Assets                    
env.NEXT_PUBLIC_CLERK_PUBLISHABLE_KEY ("pk_live_Y2xlcmsuYXVyb3JhZmxpeC5jbG91ZCQ")      Environment Variable      
env.NEXT_PUBLIC_CLERK_SIGN_IN_URL ("/sign-in")                                         Environment Variable      
env.NEXT_PUBLIC_CLERK_SIGN_UP_URL ("/sign-up")                                         Environment Variable      
env.NEXT_PUBLIC_SITE_URL ("https://auroraflix.cloud")                                  Environment Variable      

Uploaded lumoflix (21.51 sec)
Deployed lumoflix triggers (4.42 sec)
  https://lumoflix.auroracloud.workers.dev
Current Version ID: 82ce9296-7772-4d23-9cf8-7ecf8c1ae48c
(node:8552) [DEP0190] DeprecationWarning: Passing args to a child process with shell option true can lead to security vulnerabilities, as the arguments are not escaped, only concatenated.
(Use `node --trace-deprecation ...` to show where the warning was created)
